// Jest Snapshot v1, https://goo.gl/fbAQLP

exports[`renders the UI as expected 1`] = `
<div
  className="ChatWindow"
>
  <ul
    className="chats"
  >
    <li>
      <img
        className="Avatar"
        src="https://robohash.org/utlaborumfugit.jpg?size=200x200&set=set1"
      />
      <span>
        Axe Kubicka
      </span>
      <span>
        7
        :
        48
      </span>
      <p>
        Hello world
      </p>
    </li>
    <li>
      Caty Flucker
       
      thumbs-up
    </li>
    <li>
      Frank Runciman
       
      thumbs-down
    </li>
    <li>
      Koren Templeton
       
      raise-hand
    </li>
    <li>
      Koren Templeton
       
      clap
    </li>
    <li>
      Koren Templeton
       
      join
    </li>
    <li>
      Ashla Attwool
       
      leave
    </li>
    <li>
      Axe Kubicka
       
      join-stage
    </li>
    <li>
      Axe Kubicka
       
      leave-stage
    </li>
  </ul>
</div>
`;
